AKT2
CDK1
FGF1
FGF10
FGF16
FGF18
FGF19
FGF2
FGF20
FGF22
FGF23
FGF3
FGF4
FGF6
FGF7
FGF9
FGFR4
FLT3
FLT3LG
FRS2
GAB1
GAB2
IL6
IL6R
IRS1
IRS2
ISG15
JAK1
JAK2
KLB
MAD2L2
MAP2K1
MAPK3
NPLOC4
PCLAF
PCNA
PDE3B
PDPK1
PIK3C3
PIK3CA
PIK3CB
PIK3R1
PIK3R2
PIK3R4
POLD1
POLD2
POLD3
POLD4
POLE
POLE2
POLE3
POLE4
POLH
POLI
POLK
PTPN11
RCHY1
REV1
REV3L
RFC1
RFC2
RFC3
RFC4
RFC5
RPA1
RPA2
RPA3
RPS27A
SPRTN
THEM4
TLR9
TRIB3
TRIM25
TYK2
UBA52
UBA7
UBB
UBC
UBE2L6
UFD1
USP10
USP43
VCP
