AMINumber	EdgesNumber	NodesNumber	ActiveGenesNumber
1	5	5	1
2	4	4	1
3	5	4	2
