source	target	link	AMI_number
g5	g2	PPI	1
g2	g4      PPI     1
g2	g1      PPI     1
g1	g4      PPI     1
g4	g20      PPI     1
g6	g7	PPI	3
g16	g7      PPI     3
g16	g17      PPI     3
g7	g17      PPI     3
g9	g14	PPI	2
g9	g13     PPI     2
g9	g18     PPI     2
g14	g18     PPI     2
